.............................................................................
----------------------------------------------------------------------
Ran 77 tests

OK
